// Jest Snapshot v1, https://goo.gl/fbAQLP

exports[`FullMap renders correctly 1`] = `
<div
  id="userFormContainerWrapperNoStorm"
>
  <div
    id="fullMapContainer"
  >
    <div
      id="userFormBox"
    >
      <div
        id="fullMap"
      >
        <img
          alt="Full Map"
          className="fullMapImage"
          height="100%"
          src="/locationPics/fullMapSmall.jpg"
          width="100%"
        />
        <div
          className="imageButtonsContainer"
          style={
            Object {
              "height": "1000px",
            }
          }
        >
          <div
            className="chooseLocationButton"
            id="chair"
            onClick={[Function]}
          />
          <div
            className="chooseLocationButton"
            id="lootLakeHouse"
            onClick={[Function]}
          />
          <div
            className="chooseLocationButton"
            id="westLootLake"
            onClick={[Function]}
          />
          <div
            className="chooseLocationButton"
            id="northLootLake"
            onClick={[Function]}
          />
          <div
            className="chooseLocationButton"
            id="prison"
            onClick={[Function]}
          />
          <div
            className="chooseLocationButton"
            id="shippingContainers"
            onClick={[Function]}
          />
          <div
            className="chooseLocationButton"
            id="luckyLanding"
            onClick={[Function]}
          />
          <div
            className="chooseLocationButton"
            id="flushFactory"
            onClick={[Function]}
          />
          <div
            className="chooseLocationButton"
            id="tiltedTowers"
            onClick={[Function]}
          />
          <div
            className="chooseLocationButton"
            id="shiftyShafts"
            onClick={[Function]}
          />
          <div
            className="chooseLocationButton"
            id="hauntedHills"
            onClick={[Function]}
          />
          <div
            className="chooseLocationButton"
            id="anarchyAcres"
            onClick={[Function]}
          />
          <div
            className="chooseLocationButton"
            id="lonelyLodge"
            onClick={[Function]}
          />
          <div
            className="chooseLocationButton"
            id="wailingWoods"
            onClick={[Function]}
          />
          <div
            className="chooseLocationButton"
            id="moistyMire"
            onClick={[Function]}
          />
          <div
            className="chooseLocationButton"
            id="fatalFields"
            onClick={[Function]}
          />
          <div
            className="chooseLocationButton"
            id="greasyGrove"
            onClick={[Function]}
          />
          <div
            className="chooseLocationButton"
            id="snobbyShores"
            onClick={[Function]}
          />
          <div
            className="chooseLocationButton"
            id="junkJunction"
            onClick={[Function]}
          />
          <div
            className="chooseLocationButton"
            id="pleasantPark"
            onClick={[Function]}
          />
          <div
            className="chooseLocationButton"
            id="dustyDepot"
            onClick={[Function]}
          />
          <div
            className="chooseLocationButton"
            id="saltySprings"
            onClick={[Function]}
          />
          <div
            className="chooseLocationButton"
            id="retailRow"
            onClick={[Function]}
          />
          <div
            className="chooseLocationButton"
            id="tomatoTown"
            onClick={[Function]}
          />
          <div
            className="chooseLocationButton"
            id="houseOnHill"
            onClick={[Function]}
          />
          <div
            className="chooseLocationButton"
            id="townWestOfMotel"
            onClick={[Function]}
          />
          <div
            className="chooseLocationButton"
            id="townNorthEastOfFlushFactory"
            onClick={[Function]}
          />
          <div
            className="chooseLocationButton"
            id="buildingsWestOfTiltedTowers"
            onClick={[Function]}
          />
          <div
            className="chooseLocationButton"
            id="buildingsNorthOfPrison"
            onClick={[Function]}
          />
          <div
            className="chooseLocationButton"
            id="motel"
            onClick={[Function]}
          />
          <div
            className="chooseLocationButton"
            id="riskyReels"
            onClick={[Function]}
          />
          <div
            className="chooseLocationButton"
            id="mansionSouthOfLonelyLodge"
            onClick={[Function]}
          />
          <div
            className="chooseLocationButton"
            id="dustyDivot"
            onClick={[Function]}
          />
          <div
            className="chooseLocationButton"
            id="buildingsEastOfJunkJunction"
            onClick={[Function]}
          />
          <div
            className="chooseLocationButton"
            id="siloNortheastOfSnobbyShores"
            onClick={[Function]}
          />
          <div
            className="chooseLocationButton"
            id="trailerPark"
            onClick={[Function]}
          />
        </div>
      </div>
    </div>
    <a
      href="/home"
      id="closeButtonContainer"
      onClick={[Function]}
    >
      <button
        className="closeButton"
      >
        Close
      </button>
    </a>
  </div>
</div>
`;
