// Jest Snapshot v1, https://goo.gl/fbAQLP

exports[`ResetPassword renders correctly 1`] = `
<div
  id="userFormContainerWrapper"
>
  <div
    className="mobile-85"
    id="userFormContainer"
  >
    <div
      id="userFormBox"
    >
      <div
        id="userFormMain"
      >
        <h2
          id="userFormTitle"
        >
          Reset Password
        </h2>
        <h4
          id="userFormSubTitle"
        >
          Please fill in this form to reset your password
        </h4>
        <form
          id="signUpForm"
        >
          <label
            htmlFor="passwordInput"
          >
            Password
          </label>
          <input
            className="passwordsNotChecked"
            id="passwordInput"
            onChange={[Function]}
            placeholder="Enter New Password"
            type="password"
          />
          <label
            htmlFor="repeatPasswordInput"
          >
            Repeat Password 
          </label>
          <input
            className="passwordsNotChecked"
            id="repeatPasswordInput"
            onChange={[Function]}
            placeholder="Repeat New Password"
            type="password"
          />
        </form>
        <button
          className="disabled"
          id="submitSignUpForm"
        >
          Reset Password
        </button>
      </div>
    </div>
    <a
      href="/home"
      id="closeButtonContainer"
      onClick={[Function]}
    >
      <button
        className="closeButton"
      >
        Close
      </button>
    </a>
  </div>
</div>
`;
